yarn run v1.22.19
$ next build
⚠ `eslint` configuration in next.config.mjs is no longer supported. See more info here: https://nextjs.org/docs/app/api-reference/cli/next#next-lint-options
⚠ Invalid next.config.mjs options detected: 
⚠     Unrecognized key(s) in object: 'eslint'
⚠ See more info here: https://nextjs.org/docs/messages/invalid-next-config
▲ Next.js 16.1.6 (Turbopack)
- Environments: .env.production

  Running TypeScript ...
  Creating an optimized production build ...
Error: Cannot apply unknown utility class `bg-opacity-100`
    [2m[at onInvalidCandidate (D:\_PERSONAL\michyaraque\node_modules\tailwindcss\dist\lib.js:21:1511)][0m
    [2m[at Ee (D:\_PERSONAL\michyaraque\node_modules\tailwindcss\dist\lib.js:16:37066)][0m
    [2m[at D:\_PERSONAL\michyaraque\node_modules\tailwindcss\dist\lib.js:21:355][0m
    [2m[at Pr (D:\_PERSONAL\michyaraque\node_modules\tailwindcss\dist\lib.js:3:1733)][0m
    [2m[at _ (D:\_PERSONAL\michyaraque\node_modules\tailwindcss\dist\lib.js:3:1377)][0m
    [2m[at Te (D:\_PERSONAL\michyaraque\node_modules\tailwindcss\dist\lib.js:21:172)][0m
    [2m[at pn (D:\_PERSONAL\michyaraque\node_modules\tailwindcss\dist\lib.js:38:294)][0m
    [2m[at async dn (D:\_PERSONAL\michyaraque\node_modules\tailwindcss\dist\lib.js:38:631)][0m
    [2m[at async Xr (D:\_PERSONAL\michyaraque\node_modules\@tailwindcss\node\dist\index.js:10:3417)][0m
    [2m[at async N (D:\_PERSONAL\michyaraque\node_modules\@tailwindcss\postcss\dist\index.js:10:3979)][0m

> Build error occurred
Error: Turbopack build failed with 1 errors:
./src/styles/globals.css
Error evaluating Node.js code
CssSyntaxError: tailwindcss: D:\_PERSONAL\michyaraque\src\styles\globals.css:1:1: Cannot apply unknown utility class `bg-opacity-100`
    at Input.error (node_modules/postcss/lib/input.js:135:16) [D:\_PERSONAL\michyaraque\.next\build\chunks\node_modules_786d5f25._.js:4651:22]
    at Root.error (node_modules/postcss/lib/node.js:146:32) [D:\_PERSONAL\michyaraque\.next\build\chunks\node_modules_786d5f25._.js:928:38]
    [at Object.Once (D:\_PERSONAL\michyaraque\node_modules\@tailwindcss\postcss\dist\index.js:10:6913)]
    at async LazyResult.runAsync (node_modules/postcss/lib/lazy-result.js:293:11) [D:\_PERSONAL\michyaraque\.next\build\chunks\node_modules_786d5f25._.js:6214:21]
    at async transform (turbopack:///[turbopack-node]/transforms/postcss.ts:70:34) [D:\_PERSONAL\michyaraque\.next\build\chunks\[root-of-the-server]__6d51cb5d._.js:172:36]
    at async run (turbopack:///[turbopack-node]/ipc/evaluate.ts:92:23) [D:\_PERSONAL\michyaraque\.next\build\chunks\[root-of-the-server]__44695d76._.js:443:31]

Import trace:
  Browser:
    ./src/styles/globals.css
    ./src/pages/_app.tsx


    at async transform (turbopack:///[turbopack-node]/transforms/postcss.ts:70:34) [D:\_PERSONAL\michyaraque\.next\build\chunks\[root-of-the-server]__6d51cb5d._.js:172:36])
    at async run (turbopack:///[turbopack-node]/ipc/evaluate.ts:92:23) [D:\_PERSONAL\michyaraque\.next\build\chunks\[root-of-the-server]__44695d76._.js:443:31])
error Command failed with exit code 1.
info Visit https://yarnpkg.com/en/docs/cli/run for documentation about this command.
